[www.tutorialspoint.com/unix/index.html]
[backblue.gif]
[fade.gif]
[index.html]
[www.tutorialspoint.com/theme/css/style-minc9e4.css]
[www.tutorialspoint.com/images/pattern.png]
[www.tutorialspoint.com/images/loading-cg.gif]
[www.tutorialspoint.com/theme/js/script-min-v45e1f.js]
[www.tutorialspoint.com/unix/images/logo.png]
[www.tutorialspoint.com/theme/css/icons/image-editor.png]
[www.tutorialspoint.com/unix/images/unix-mini-logo.jpg]
[www.tutorialspoint.com/unix/index-2.html]
[www.tutorialspoint.com/unix/unix-getting-started.html]
[www.tutorialspoint.com/unix/unix-file-management.html]
[www.tutorialspoint.com/unix/unix-directories.html]
[www.tutorialspoint.com/unix/unix-environment.html]
[www.tutorialspoint.com/unix/unix-file-permission.html]
[www.tutorialspoint.com/unix/unix-basic-utilities.html]
[www.tutorialspoint.com/unix/unix-pipes-filters.html]
[www.tutorialspoint.com/unix/unix-communication.html]
[www.tutorialspoint.com/unix/unix-processes.html]
[www.tutorialspoint.com/unix/unix-vi-editor.html]
[www.tutorialspoint.com/unix/shell_scripting.html]
[www.tutorialspoint.com/unix/unix-what-is-shell.html]
[www.tutorialspoint.com/unix/unix-using-variables.html]
[www.tutorialspoint.com/unix/unix-special-variables.html]
[www.tutorialspoint.com/unix/unix-using-arrays.html]
[www.tutorialspoint.com/unix/unix-basic-operators.html]
[www.tutorialspoint.com/unix/unix-decision-making.html]
[www.tutorialspoint.com/unix/unix-shell-loops.html]
[www.tutorialspoint.com/unix/unix-loop-control.html]
[www.tutorialspoint.com/unix/unix-shell-substitutions.html]
[www.tutorialspoint.com/unix/unix-quoting-mechanisms.html]
[www.tutorialspoint.com/unix/unix-io-redirections.html]
[www.tutorialspoint.com/unix/unix-manpage-help.html]
[www.tutorialspoint.com/unix/unix-shell-functions.html]
[www.tutorialspoint.com/unix/unix-file-system.html]
[www.tutorialspoint.com/unix/unix-regular-expressions.html]
[www.tutorialspoint.com/unix/unix-user-administration.html]
[www.tutorialspoint.com/unix/unix-system-performance.html]
[www.tutorialspoint.com/unix/unix-system-logging.html]
[www.tutorialspoint.com/unix/unix_questions_answers.html]
[www.tutorialspoint.com/unix/unix-signals-traps.html]
[www.tutorialspoint.com/unix/unix-useful-commands.html]
[www.tutorialspoint.com/unix/unix-builtin-functions.html]
[www.tutorialspoint.com/unix/unix-quick-guide.html]
[www.tutorialspoint.com/unix/unix-useful-resources.html]
[www.tutorialspoint.com/unix/unix-discussion.html]
[www.tutorialspoint.com/unix/images/unix.jpg]
[www.tutorialspoint.com/unix/pdf/index.pdf]
[www.tutorialspoint.com/unix/unix-pdf-version.html]
[pagead2.googlesyndication.com/pagead/f.txt]
[www.tutorialspoint.com/images/facebookIcon.jpg]
[www.tutorialspoint.com/images/twitterIcon.jpg]
[www.tutorialspoint.com/images/linkedinIcon.jpg]
[www.tutorialspoint.com/images/googlePlusIcon.jpg]
[www.tutorialspoint.com/images/StumbleUponIcon.jpg]
[www.tutorialspoint.com/images/reddit.jpg]
[www.tutorialspoint.com/scripts/img/logo-footer.png]
[www.tutorialspoint.com/theme/js/custom-minbea6.js]
[www.google-analytics.com/urchin.js]
[www.tutorialspoint.com/unix/index.html]
[www.tutorialspoint.com/theme/css/style-minc9e4.css]
[www.tutorialspoint.com/unix/index-2.html]
[www.tutorialspoint.com/theme/css/style-min30f4.css]
[www.tutorialspoint.com/unix/images/unix_architecture.jpg]
[www.tutorialspoint.com/unix/pdf/unix-getting-started.pdf]
[www.tutorialspoint.com/unix/unix-getting-started.html]
[www.tutorialspoint.com/unix/pdf/unix-file-management.pdf]
[www.tutorialspoint.com/unix/unix-file-management.html]
[www.tutorialspoint.com/unix/pdf/unix-directories.pdf]
[www.tutorialspoint.com/unix/unix-directories.html]
[www.tutorialspoint.com/unix/pdf/unix-file-permission.pdf]
[www.tutorialspoint.com/unix/unix-file-permission.html]
[www.tutorialspoint.com/unix/pdf/unix-environment.pdf]
[www.tutorialspoint.com/unix/unix-environment.html]
[www.tutorialspoint.com/unix/pdf/unix-basic-utilities.pdf]
[www.tutorialspoint.com/unix/unix-basic-utilities.html]
[www.tutorialspoint.com/unix/pdf/unix-pipes-filters.pdf]
[www.tutorialspoint.com/unix/unix-pipes-filters.html]
[www.tutorialspoint.com/unix/pdf/unix-processes.pdf]
[www.tutorialspoint.com/unix/unix-processes.html]
[www.tutorialspoint.com/unix/pdf/unix-communication.pdf]
[www.tutorialspoint.com/unix/unix-communication.html]
[www.tutorialspoint.com/unix/pdf/unix-vi-editor.pdf]
[www.tutorialspoint.com/unix/unix-vi-editor.html]
[www.tutorialspoint.com/unix/pdf/shell_scripting.pdf]
[www.tutorialspoint.com/unix/shell_scripting.html]
[www.tutorialspoint.com/unix/pdf/unix-what-is-shell.pdf]
[www.tutorialspoint.com/unix/unix-what-is-shell.html]
[www.tutorialspoint.com/unix/pdf/unix-using-variables.pdf]
[www.tutorialspoint.com/unix/unix-using-variables.html]
[www.tutorialspoint.com/unix/pdf/unix-special-variables.pdf]
[www.tutorialspoint.com/unix/unix-special-variables.html]
[www.tutorialspoint.com/unix/pdf/unix-using-arrays.pdf]
[www.tutorialspoint.com/unix/unix-using-arrays.html]
[www.tutorialspoint.com/unix/unix-arithmetic-operators.html]
[www.tutorialspoint.com/unix/unix-relational-operators.html]
[www.tutorialspoint.com/unix/unix-boolean-operators.html]
[www.tutorialspoint.com/unix/unix-string-operators.html]
[www.tutorialspoint.com/unix/unix-file-operators.html]
[www.tutorialspoint.com/unix/unix-c-shell-operators.html]
[www.tutorialspoint.com/unix/unix-korn-shell-operators.html]
[www.tutorialspoint.com/unix/pdf/unix-basic-operators.pdf]
[www.tutorialspoint.com/unix/unix-basic-operators.html]
[www.tutorialspoint.com/unix/if-fi-statement.html]
[www.tutorialspoint.com/unix/if-else-statement.html]
[www.tutorialspoint.com/unix/case-esac-statement.html]
[www.tutorialspoint.com/unix/pdf/unix-decision-making.pdf]
[www.tutorialspoint.com/unix/unix-decision-making.html]
[www.tutorialspoint.com/unix/if-elif-statement.html]
[www.tutorialspoint.com/unix/while-loop.html]
[www.tutorialspoint.com/unix/for-loop.html]
[www.tutorialspoint.com/unix/until-loop.html]
[www.tutorialspoint.com/unix/select-loop.html]
[www.tutorialspoint.com/unix/pdf/unix-shell-loops.pdf]
[www.tutorialspoint.com/unix/unix-shell-loops.html]
[www.tutorialspoint.com/unix/pdf/unix-loop-control.pdf]
[www.tutorialspoint.com/unix/unix-loop-control.html]
[www.tutorialspoint.com/unix/pdf/unix-shell-substitutions.pdf]
[www.tutorialspoint.com/unix/unix-shell-substitutions.html]
[www.tutorialspoint.com/unix/pdf/unix-quoting-mechanisms.pdf]
[www.tutorialspoint.com/unix/unix-quoting-mechanisms.html]
[www.tutorialspoint.com/unix/pdf/unix-io-redirections.pdf]
[www.tutorialspoint.com/unix/unix-io-redirections.html]
[www.tutorialspoint.com/unix/unix-shell-functions.html]
[www.tutorialspoint.com/unix/pdf/unix-manpage-help.pdf]
[www.tutorialspoint.com/unix/unix-manpage-help.html]
[www.tutorialspoint.com/unix/pdf/unix-regular-expressions.pdf]
[www.tutorialspoint.com/unix/unix-regular-expressions.html]
[www.tutorialspoint.com/unix/pdf/unix-file-system.pdf]
[www.tutorialspoint.com/unix/unix-file-system.html]
[www.tutorialspoint.com/unix/pdf/unix-user-administration.pdf]
[www.tutorialspoint.com/unix/unix-user-administration.html]
[www.tutorialspoint.com/unix/pdf/unix-system-performance.pdf]
[www.tutorialspoint.com/unix/unix-system-performance.html]
[www.tutorialspoint.com/unix/pdf/unix-system-logging.pdf]
[www.tutorialspoint.com/unix/unix-system-logging.html]
[www.tutorialspoint.com/unix/pdf/unix-signals-traps.pdf]
[www.tutorialspoint.com/unix/unix-signals-traps.html]
[www.tutorialspoint.com/images/questions_and_answers.png]
[www.tutorialspoint.com/unix/unix_online_quiz.html]
[www.tutorialspoint.com/unix/unix_interview_questions.html]
[www.tutorialspoint.com/unix/unix_online_test.html]
[www.tutorialspoint.com/unix/unix_mock_test.html]
[www.tutorialspoint.com/unix/pdf/unix_questions_answers.pdf]
[www.tutorialspoint.com/unix/unix_questions_answers.html]
[www.tutorialspoint.com/unix/pdf/unix-useful-commands.pdf]
[www.tutorialspoint.com/unix/unix-useful-commands.html]
[www.tutorialspoint.com/unix/unix-quick-guide.html]
[www.tutorialspoint.com/unix/pdf/unix-builtin-functions.pdf]
[www.tutorialspoint.com/unix/unix-builtin-functions.html]
[images-na.ssl-images-amazon.com/images/I/61+57ajucML._SX364_BO1,204,203,200_.jpg]
[images-na.ssl-images-amazon.com/images/I/51gpBOJXTmL._SX383_BO1,204,203,200_.jpg]
[images-na.ssl-images-amazon.com/images/I/51xeq-lF0hL._SX406_BO1,204,203,200_.jpg]
[images-na.ssl-images-amazon.com/images/I/513EprgSOcL._SX383_BO1,204,203,200_.jpg]
[images-na.ssl-images-amazon.com/images/I/51lJzicCLwL._SX373_BO1,204,203,200_.jpg]
[images-na.ssl-images-amazon.com/images/I/51HdcQFzv0L._SX360_BO1,204,203,200_.jpg]
[www.tutorialspoint.com/unix/pdf/unix-useful-resources.pdf]
[www.tutorialspoint.com/unix/unix-useful-resources.html]
[www.tutorialspoint.com/unix/pdf/unix-discussion.pdf]
[www.tutorialspoint.com/unix/unix-discussion.html]
[www.tutorialspoint.com/unix/unix_tutorial.pdf]
[www.tutorialspoint.com/unix/images/unix_pdfcover.jpg]
[www.tutorialspoint.com/store/images/PayPal.png]
[www.tutorialspoint.com/store/images/CCAvenue.jpg]
[www.tutorialspoint.com/unix/pdf/unix-pdf-version.pdf]
[www.tutorialspoint.com/unix/unix-pdf-version.html]
[www.tutorialspoint.com/theme/css/style-min30f4.css]
[www.tutorialspoint.com/unix/unix-arithmetic-operators.html]
[www.tutorialspoint.com/unix/unix-relational-operators.html]
[www.tutorialspoint.com/unix/unix-boolean-operators.html]
[www.tutorialspoint.com/unix/unix-string-operators.html]
[www.tutorialspoint.com/unix/unix-file-operators.html]
[www.tutorialspoint.com/unix/unix-c-shell-operators.html]
[www.tutorialspoint.com/unix/unix-korn-shell-operators.html]
[www.tutorialspoint.com/unix/pdf/if-fi-statement.pdf]
[www.tutorialspoint.com/unix/if-fi-statement.html]
[www.tutorialspoint.com/unix/if-else-statement.html]
[www.tutorialspoint.com/unix/pdf/if-elif-statement.pdf]
[www.tutorialspoint.com/unix/if-elif-statement.html]
[www.tutorialspoint.com/unix/case-esac-statement.html]
[www.tutorialspoint.com/unix/while-loop.html]
[www.tutorialspoint.com/unix/for-loop.html]
[www.tutorialspoint.com/unix/until-loop.html]
[www.tutorialspoint.com/unix/select-loop.html]
[www.tutorialspoint.com/unix/pdf/unix_interview_questions.pdf]
[www.tutorialspoint.com/unix/unix_interview_questions.html]
[www.tutorialspoint.com/unix/unix_online_quiz.html]
[www.tutorialspoint.com/theme/js/exams.js]
[www.tutorialspoint.com/theme/js/jquery.timer.min.js]
[www.tutorialspoint.com/unix/unix_online_test.html]
[www.tutorialspoint.com/images/online_mock_tests.png]
[www.tutorialspoint.com/unix/unix_mock_test56cb.html]
[www.tutorialspoint.com/unix/unix_mock_testc907.html]
[www.tutorialspoint.com/unix/pdf/unix_mock_test_i.pdf]
[www.tutorialspoint.com/unix/unix_mock_test.html]
[connect.facebook.net/en_US/sdk.js]
[www.tutorialspoint.com/unix/unix_mock_testabbb.html]
[www.tutorialspoint.com/unix/pdf/unix-arithmetic-operators.html]
[www.tutorialspoint.com/unix/pdf/unix-relational-operators.html]
[www.tutorialspoint.com/unix/pdf/unix-boolean-operators.html]
[www.tutorialspoint.com/unix/pdf/unix-string-operators.html]
[www.tutorialspoint.com/unix/pdf/unix-file-operators.html]
[www.tutorialspoint.com/unix/pdf/unix-c-shell-operators.html]
[www.tutorialspoint.com/unix/pdf/unix-korn-shell-operators.html]
[www.tutorialspoint.com/unix/pdf/if-else-statement.html]
[www.tutorialspoint.com/unix/pdf/case-esac-statement.html]
[www.tutorialspoint.com/unix/pdf/while-loop.html]
[www.tutorialspoint.com/unix/pdf/for-loop.html]
[www.tutorialspoint.com/unix/pdf/until-loop.html]
[www.tutorialspoint.com/unix/pdf/select-loop.html]
[www.tutorialspoint.com/unix/unix_mock_test56cb.html]
[www.tutorialspoint.com/unix/pdf/unix_mock_test_ii.pdf]
[www.tutorialspoint.com/unix/unix_mock_testc907.html]
[www.tutorialspoint.com/unix/unix_mock_testc34b.html]
[www.tutorialspoint.com/unix/pdf/unix_mock_test_iv.pdf]
[www.tutorialspoint.com/unix/unix_mock_testabbb.html]
[www.tutorialspoint.com/unix/ABCDEFGHIJKLMNOPQRSTUVWXYZabcdefghijklmnopqrstuvwxyz0123456789+/index.html]
[www.tutorialspoint.com/unix/^([^_/indexd41d.html]
