[stanislavs.org/helppc/int_21.html]
[backblue.gif]
[fade.gif]
[index.html]
[stanislavs.org/helppc/int_21-0.html]
[stanislavs.org/helppc/int_21-1.html]
[stanislavs.org/helppc/int_21-2.html]
[stanislavs.org/helppc/int_21-3.html]
[stanislavs.org/helppc/int_21-4.html]
[stanislavs.org/helppc/int_21-5.html]
[stanislavs.org/helppc/int_21-6.html]
[stanislavs.org/helppc/int_21-7.html]
[stanislavs.org/helppc/int_21-8.html]
[stanislavs.org/helppc/int_21-9.html]
[stanislavs.org/helppc/int_21-a.html]
[stanislavs.org/helppc/int_21-b.html]
[stanislavs.org/helppc/int_21-c.html]
[stanislavs.org/helppc/int_21-d.html]
[stanislavs.org/helppc/int_21-e.html]
[stanislavs.org/helppc/int_21-f.html]
[stanislavs.org/helppc/fcb.html]
[stanislavs.org/helppc/int_21-10.html]
[stanislavs.org/helppc/int_21-11.html]
[stanislavs.org/helppc/int_21-12.html]
[stanislavs.org/helppc/int_21-13.html]
[stanislavs.org/helppc/int_21-14.html]
[stanislavs.org/helppc/int_21-15.html]
[stanislavs.org/helppc/int_21-16.html]
[stanislavs.org/helppc/int_21-17.html]
[stanislavs.org/helppc/int_21-19.html]
[stanislavs.org/helppc/int_21-1a.html]
[stanislavs.org/helppc/int_21-1b.html]
[stanislavs.org/helppc/int_21-1c.html]
[stanislavs.org/helppc/int_21-1f.html]
[stanislavs.org/helppc/int_21-21.html]
[stanislavs.org/helppc/int_21-22.html]
[stanislavs.org/helppc/int_21-23.html]
[stanislavs.org/helppc/int_21-24.html]
[stanislavs.org/helppc/int_21-25.html]
[stanislavs.org/helppc/int_21-26.html]
[stanislavs.org/helppc/int_21-27.html]
[stanislavs.org/helppc/int_21-28.html]
[stanislavs.org/helppc/int_21-29.html]
[stanislavs.org/helppc/int_21-2a.html]
[stanislavs.org/helppc/int_21-2b.html]
[stanislavs.org/helppc/int_21-2c.html]
[stanislavs.org/helppc/int_21-2d.html]
[stanislavs.org/helppc/int_21-2e.html]
[stanislavs.org/helppc/int_21-2f.html]
[stanislavs.org/helppc/int_21-30.html]
[stanislavs.org/helppc/int_21-31.html]
[stanislavs.org/helppc/int_21-32.html]
[stanislavs.org/helppc/int_21-33.html]
[stanislavs.org/helppc/int_1b.html]
[stanislavs.org/helppc/int_21-34.html]
[stanislavs.org/helppc/int_21-35.html]
[stanislavs.org/helppc/int_21-36.html]
[stanislavs.org/helppc/int_21-37.html]
[stanislavs.org/helppc/int_21-38.html]
[stanislavs.org/helppc/int_21-39.html]
[stanislavs.org/helppc/int_21-3a.html]
[stanislavs.org/helppc/int_21-3b.html]
[stanislavs.org/helppc/int_21-3c.html]
[stanislavs.org/helppc/int_21-3d.html]
[stanislavs.org/helppc/int_21-3e.html]
[stanislavs.org/helppc/int_21-3f.html]
[stanislavs.org/helppc/int_21-40.html]
[stanislavs.org/helppc/int_21-41.html]
[stanislavs.org/helppc/int_21-42.html]
[stanislavs.org/helppc/int_21-43.html]
[stanislavs.org/helppc/int_21-44.html]
[stanislavs.org/helppc/ioctl.html]
[stanislavs.org/helppc/int_21-45.html]
[stanislavs.org/helppc/int_21-46.html]
[stanislavs.org/helppc/int_21-47.html]
[stanislavs.org/helppc/int_21-48.html]
[stanislavs.org/helppc/int_21-49.html]
[stanislavs.org/helppc/int_21-4a.html]
[stanislavs.org/helppc/int_21-4b.html]
[stanislavs.org/helppc/int_21-4c.html]
[stanislavs.org/helppc/int_21-4d.html]
[stanislavs.org/helppc/int_21-4e.html]
[stanislavs.org/helppc/int_21-4f.html]
[stanislavs.org/helppc/int_21-50.html]
[stanislavs.org/helppc/int_21-51.html]
[stanislavs.org/helppc/int_21-52.html]
[stanislavs.org/helppc/int_21-53.html]
[stanislavs.org/helppc/int_21-54.html]
[stanislavs.org/helppc/int_21-55.html]
[stanislavs.org/helppc/program_segment_prefix.html]
[stanislavs.org/helppc/int_21-56.html]
[stanislavs.org/helppc/int_21-57.html]
[stanislavs.org/helppc/int_21-58.html]
[stanislavs.org/helppc/int_21-59.html]
[stanislavs.org/helppc/int_21-5a.html]
[stanislavs.org/helppc/int_21-5b.html]
[stanislavs.org/helppc/int_21-5c.html]
[stanislavs.org/helppc/int_21-5d.html]
[stanislavs.org/helppc/int_21-5e.html]
[stanislavs.org/helppc/int_21-5f.html]
[stanislavs.org/helppc/int_21-60.html]
[stanislavs.org/helppc/int_21-62.html]
[stanislavs.org/helppc/int_21-63.html]
[stanislavs.org/helppc/int_21-64.html]
[stanislavs.org/helppc/int_21-65.html]
[stanislavs.org/helppc/int_21-66.html]
[stanislavs.org/helppc/int_21-67.html]
[stanislavs.org/helppc/int_21-68.html]
[stanislavs.org/helppc/int_21-69.html]
[stanislavs.org/helppc/int_21-6c.html]
[stanislavs.org/helppc/int_21.html]
[stanislavs.org/helppc/int_21-f8.html]
[stanislavs.org/helppc/int_21-0.html]
[stanislavs.org/helppc/int_20.html]
[stanislavs.org/helppc/int_21-1.html]
[stanislavs.org/helppc/int_21-2.html]
[stanislavs.org/helppc/int_21-3.html]
[stanislavs.org/helppc/int_21-4.html]
[stanislavs.org/helppc/int_21-5.html]
[stanislavs.org/helppc/int_21-6.html]
[stanislavs.org/helppc/int_21-7.html]
[stanislavs.org/helppc/int_21-8.html]
[stanislavs.org/helppc/int_21-9.html]
[stanislavs.org/helppc/int_21-a.html]
[stanislavs.org/helppc/int_21-b.html]
[stanislavs.org/helppc/int_21-c.html]
[stanislavs.org/helppc/int_21-d.html]
[stanislavs.org/helppc/int_21-e.html]
[stanislavs.org/helppc/int_21-f.html]
[stanislavs.org/helppc/int_23.html]
[stanislavs.org/helppc/bibliography.html]
[stanislavs.org/helppc/fcb.html]
[stanislavs.org/helppc/int_21-10.html]
[stanislavs.org/helppc/xfcb.html]
[stanislavs.org/helppc/file_attributes.html]
[stanislavs.org/helppc/int_21-11.html]
[stanislavs.org/helppc/int_21-12.html]
[stanislavs.org/helppc/int_21-13.html]
[stanislavs.org/helppc/int_21-14.html]
[stanislavs.org/helppc/int_21-15.html]
[stanislavs.org/helppc/int_21-16.html]
[stanislavs.org/helppc/int_21-17.html]
[stanislavs.org/helppc/int_21-19.html]
[stanislavs.org/helppc/int_21-1a.html]
[stanislavs.org/helppc/dta.html]
[stanislavs.org/helppc/media_descriptor_byte.html]
[stanislavs.org/helppc/int_21-1b.html]
[stanislavs.org/helppc/int_21-1c.html]
[stanislavs.org/helppc/fat.html]
[stanislavs.org/helppc/int_21-1f.html]
[stanislavs.org/helppc/int_21-21.html]
[stanislavs.org/helppc/int_21-22.html]
[stanislavs.org/helppc/int_21-23.html]
[stanislavs.org/helppc/int_21-24.html]
[stanislavs.org/helppc/int_21-25.html]
[stanislavs.org/helppc/int_21-26.html]
[stanislavs.org/helppc/int_21-27.html]
[stanislavs.org/helppc/int_21-28.html]
[stanislavs.org/helppc/int_21-29.html]
[stanislavs.org/helppc/drive_parameter_table.html]
[stanislavs.org/helppc/int_21-2a.html]
[stanislavs.org/helppc/bios_data_area.html]
[stanislavs.org/helppc/int_21-2b.html]
[stanislavs.org/helppc/int_21-2c.html]
[stanislavs.org/helppc/int_21-2d.html]
[stanislavs.org/helppc/int_21-2e.html]
[stanislavs.org/helppc/int_21-2f.html]
[stanislavs.org/helppc/cmos_ram.html]
[stanislavs.org/helppc/int_21-30.html]
[stanislavs.org/helppc/dos_versions.html]
[stanislavs.org/helppc/int_21-31.html]
[stanislavs.org/helppc/int_27.html]
[stanislavs.org/helppc/int_21-32.html]
[stanislavs.org/helppc/int_21-33.html]
[stanislavs.org/helppc/int_21-44-0.html]
[stanislavs.org/helppc/int_9.html]
[stanislavs.org/helppc/iret.html]
[stanislavs.org/helppc/int_1b.html]
[stanislavs.org/helppc/8259.html]
[stanislavs.org/helppc/int_28.html]
[stanislavs.org/helppc/int_21-34.html]
[stanislavs.org/helppc/int_21-35.html]
[stanislavs.org/helppc/int_21-36.html]
[stanislavs.org/helppc/int_21-37.html]
[stanislavs.org/helppc/int_24.html]
[stanislavs.org/helppc/int_21-38.html]
[stanislavs.org/helppc/country_codes.html]
[stanislavs.org/helppc/int_21-39.html]
[stanislavs.org/helppc/int_21-3a.html]
[stanislavs.org/helppc/int_21-3b.html]
[stanislavs.org/helppc/int_21-3c.html]
[stanislavs.org/helppc/int_21-3d.html]
[stanislavs.org/helppc/int_21-3e.html]
[stanislavs.org/helppc/int_21-3f.html]
[stanislavs.org/helppc/int_21-40.html]
[stanislavs.org/helppc/int_21-41.html]
[stanislavs.org/helppc/int_21-42.html]
[stanislavs.org/helppc/dos_error_codes.html]
[stanislavs.org/helppc/int_21-43.html]
[stanislavs.org/helppc/directory_format.html]
[stanislavs.org/helppc/int_21-44-1.html]
[stanislavs.org/helppc/int_21-44-2.html]
[stanislavs.org/helppc/int_21-44-3.html]
[stanislavs.org/helppc/int_21-44-4.html]
[stanislavs.org/helppc/int_21-44-5.html]
[stanislavs.org/helppc/int_21-44-6.html]
[stanislavs.org/helppc/int_21-44-7.html]
[stanislavs.org/helppc/int_21-44-8.html]
[stanislavs.org/helppc/int_21-44-9.html]
[stanislavs.org/helppc/int_21-44-a.html]
[stanislavs.org/helppc/int_21-44-b.html]
[stanislavs.org/helppc/int_21-44-c.html]
[stanislavs.org/helppc/int_21-44-d.html]
[stanislavs.org/helppc/int_21-44-e.html]
[stanislavs.org/helppc/int_21-44-f.html]
[stanislavs.org/helppc/device_command_codes.html]
[stanislavs.org/helppc/device_request_header.html]
[stanislavs.org/helppc/device_status.html]
[stanislavs.org/helppc/device_header.html]
[stanislavs.org/helppc/int_21-44.html]
[stanislavs.org/helppc/ioctl.html]
[stanislavs.org/helppc/int_21-45.html]
[stanislavs.org/helppc/int_21-46.html]
[stanislavs.org/helppc/int_21-47.html]
[stanislavs.org/helppc/device_attributes.html]
[stanislavs.org/helppc/int_21-48.html]
[stanislavs.org/helppc/int_21-49.html]
[stanislavs.org/helppc/int_21-4a.html]
[stanislavs.org/helppc/int_21-4b.html]
[stanislavs.org/helppc/int_21-4c.html]
[stanislavs.org/helppc/int_21-4d.html]
[stanislavs.org/helppc/int_21-4e.html]
[stanislavs.org/helppc/int_21-4f.html]
[stanislavs.org/helppc/int_21-50.html]
[stanislavs.org/helppc/int_21-51.html]
[stanislavs.org/helppc/memory_control_block.html]
[stanislavs.org/helppc/int_21-52.html]
[stanislavs.org/helppc/sft.html]
[stanislavs.org/helppc/int_21-53.html]
[stanislavs.org/helppc/int_21-54.html]
[stanislavs.org/helppc/bios_parameter_block.html]
[stanislavs.org/helppc/int_21-55.html]
[stanislavs.org/helppc/undocumented.html]
[stanislavs.org/helppc/program_segment_prefix.html]
[stanislavs.org/helppc/int_21-56.html]
[stanislavs.org/helppc/int_21-57.html]
[stanislavs.org/helppc/int_21-58.html]
[stanislavs.org/helppc/int_21-59.html]
[stanislavs.org/helppc/int_21-5a.html]
[stanislavs.org/helppc/int_21-5b.html]
[stanislavs.org/helppc/int_21-5c.html]
[stanislavs.org/helppc/int_21-5d.html]
[stanislavs.org/helppc/int_21-5e.html]
[stanislavs.org/helppc/int_21-5f.html]
[stanislavs.org/helppc/int_21-60.html]
[stanislavs.org/helppc/int_21-62.html]
[stanislavs.org/helppc/int_21-63.html]
[stanislavs.org/helppc/int_21-64.html]
[stanislavs.org/helppc/int_21-65.html]
[stanislavs.org/helppc/int_21-66.html]
[stanislavs.org/helppc/int_22.html]
[stanislavs.org/helppc/int_21-67.html]
[stanislavs.org/helppc/int_21-68.html]
[stanislavs.org/helppc/int_21-69.html]
[stanislavs.org/helppc/int_21-6c.html]
[stanislavs.org/helppc/int_21-f8.html]
[stanislavs.org/helppc/int_20.html]
[stanislavs.org/helppc/int_23.html]
[stanislavs.org/helppc/bibliography.html]
[stanislavs.org/helppc/xfcb.html]
[stanislavs.org/helppc/file_handles.html]
[stanislavs.org/helppc/findfirst.html]
[stanislavs.org/helppc/file_attributes.html]
[stanislavs.org/helppc/dta.html]
[stanislavs.org/helppc/media_descriptor_byte.html]
[stanislavs.org/helppc/fat.html]
[stanislavs.org/helppc/findnext.html]
[stanislavs.org/helppc/drive_parameter_table.html]
[stanislavs.org/helppc/dbt.html]
[stanislavs.org/helppc/ebda.html]
[stanislavs.org/helppc/int_11.html]
[stanislavs.org/helppc/int_12.html]
[stanislavs.org/helppc/kb_flags.html]
[stanislavs.org/helppc/int_8.html]
[stanislavs.org/helppc/int_13-1.html]
[stanislavs.org/helppc/765.html]
[stanislavs.org/helppc/int_10-0.html]
[stanislavs.org/helppc/6845.html]
[stanislavs.org/helppc/int_1a.html]
[stanislavs.org/helppc/int_10.html]
[stanislavs.org/helppc/int_15-86.html]
[stanislavs.org/helppc/video_information.html]
[stanislavs.org/helppc/int_1c.html]
[stanislavs.org/helppc/int_1e.html]
[stanislavs.org/helppc/bios_data_area.html]
[stanislavs.org/helppc/cmos_ram.html]
[stanislavs.org/helppc/dos_versions.html]
[stanislavs.org/helppc/int_27.html]
[stanislavs.org/helppc/id_bytes.html]
[stanislavs.org/helppc/int_21-44-0.html]
[stanislavs.org/helppc/int_29.html]
[stanislavs.org/helppc/int_5.html]
[stanislavs.org/helppc/int_15-85.html]
[stanislavs.org/helppc/int_15-4f.html]
[stanislavs.org/helppc/int_9.html]
[stanislavs.org/helppc/make_codes.html]
[stanislavs.org/helppc/iret.html]
[stanislavs.org/helppc/instruction_timing.html]
[stanislavs.org/helppc/int_table.html]
[stanislavs.org/helppc/8259.html]
[stanislavs.org/helppc/int_28.html]
[stanislavs.org/helppc/int_24.html]
[stanislavs.org/helppc/country_codes.html]
[stanislavs.org/helppc/dos_error_codes.html]
[stanislavs.org/helppc/directory_format.html]
[stanislavs.org/helppc/int_21-44-1.html]
[stanislavs.org/helppc/int_21-44-2.html]
[stanislavs.org/helppc/int_21-44-3.html]
[stanislavs.org/helppc/int_21-44-4.html]
[stanislavs.org/helppc/int_21-44-5.html]
[stanislavs.org/helppc/int_21-44-6.html]
[stanislavs.org/helppc/int_21-44-7.html]
[stanislavs.org/helppc/int_21-44-8.html]
[stanislavs.org/helppc/int_21-44-9.html]
[stanislavs.org/helppc/int_21-44-a.html]
[stanislavs.org/helppc/int_21-44-b.html]
[stanislavs.org/helppc/int_21-44-c.html]
[stanislavs.org/helppc/int_21-44-d.html]
[stanislavs.org/helppc/int_21-44-e.html]
[stanislavs.org/helppc/int_21-44-f.html]
[stanislavs.org/helppc/device_command_codes.html]
[stanislavs.org/helppc/device_request_header.html]
[stanislavs.org/helppc/device_status.html]
[stanislavs.org/helppc/device_header.html]
[stanislavs.org/helppc/device_attributes.html]
[stanislavs.org/helppc/memory_control_block.html]
[stanislavs.org/helppc/sft.html]
[stanislavs.org/helppc/ports.html]
[stanislavs.org/helppc/bios_parameter_block.html]
[stanislavs.org/helppc/boot_sector.html]
[stanislavs.org/helppc/int_15-20.html]
[stanislavs.org/helppc/int_2e.html]
[stanislavs.org/helppc/undocumented.html]
[stanislavs.org/helppc/int_22.html]
[stanislavs.org/helppc/file_handles.html]
[stanislavs.org/helppc/batch_control_block.html]
[stanislavs.org/helppc/getdta.html]
[stanislavs.org/helppc/findfirst.html]
[stanislavs.org/helppc/findnext.html]
[stanislavs.org/helppc/dbt.html]
[stanislavs.org/helppc/ebda.html]
[stanislavs.org/helppc/int_11.html]
[stanislavs.org/helppc/int_12.html]
[stanislavs.org/helppc/kb_flags.html]
[stanislavs.org/helppc/setdta.html]
[stanislavs.org/helppc/int_8.html]
[stanislavs.org/helppc/int_13-1.html]
[stanislavs.org/helppc/8253.html]
[stanislavs.org/helppc/765.html]
[stanislavs.org/helppc/int_10-0.html]
[stanislavs.org/helppc/6845.html]
[stanislavs.org/helppc/int_13.html]
[stanislavs.org/helppc/int_1a-0.html]
[stanislavs.org/helppc/int_1a-1.html]
[stanislavs.org/helppc/int_1a-2.html]
[stanislavs.org/helppc/int_1a-3.html]
[stanislavs.org/helppc/int_1a-4.html]
[stanislavs.org/helppc/int_1a-5.html]
[stanislavs.org/helppc/int_1a-6.html]
[stanislavs.org/helppc/int_1a-7.html]
[stanislavs.org/helppc/int_1a-8.html]
[stanislavs.org/helppc/int_1a-9.html]
[stanislavs.org/helppc/int_1a-a.html]
[stanislavs.org/helppc/int_1a-b.html]
[stanislavs.org/helppc/int_1a.html]
[stanislavs.org/helppc/int_1a-80.html]
[stanislavs.org/helppc/int_10-1.html]
[stanislavs.org/helppc/int_10-2.html]
[stanislavs.org/helppc/int_10-3.html]
[stanislavs.org/helppc/int_10-4.html]
[stanislavs.org/helppc/int_10-5.html]
[stanislavs.org/helppc/int_10-6.html]
[stanislavs.org/helppc/int_10-7.html]
[stanislavs.org/helppc/int_10-8.html]
[stanislavs.org/helppc/int_10-9.html]
[stanislavs.org/helppc/int_10-a.html]
[stanislavs.org/helppc/int_10-b.html]
[stanislavs.org/helppc/int_10-c.html]
[stanislavs.org/helppc/int_10-d.html]
[stanislavs.org/helppc/int_10-e.html]
[stanislavs.org/helppc/int_10-f.html]
[stanislavs.org/helppc/int_10-10.html]
[stanislavs.org/helppc/int_10-11.html]
[stanislavs.org/helppc/int_10-12.html]
[stanislavs.org/helppc/int_10-13.html]
[stanislavs.org/helppc/int_10-14.html]
[stanislavs.org/helppc/int_10-15.html]
[stanislavs.org/helppc/int_10-1a.html]
[stanislavs.org/helppc/int_10-1b.html]
[stanislavs.org/helppc/int_10-1c.html]
[stanislavs.org/helppc/int_10-fe.html]
[stanislavs.org/helppc/int_10-ff.html]
[stanislavs.org/helppc/int_1f.html]
[stanislavs.org/helppc/int_10.html]
[stanislavs.org/helppc/int_15-86.html]
[stanislavs.org/helppc/video_information.html]
[stanislavs.org/helppc/int_1c.html]
[stanislavs.org/helppc/int_1d.html]
[stanislavs.org/helppc/int_1e.html]
[stanislavs.org/helppc/int_13-18.html]
[stanislavs.org/helppc/id_bytes.html]
[stanislavs.org/helppc/int_29.html]
[stanislavs.org/helppc/int_5.html]
[stanislavs.org/helppc/int_15-85.html]
[stanislavs.org/helppc/int_15-4f.html]
[stanislavs.org/helppc/int_15-c0.html]
[stanislavs.org/helppc/8042.html]
[stanislavs.org/helppc/int_16-10.html]
[stanislavs.org/helppc/scan_codes.html]
[stanislavs.org/helppc/make_codes.html]
[stanislavs.org/helppc/keyboard_commands.html]
[stanislavs.org/helppc/instruction_timing.html]
[stanislavs.org/helppc/8086_architecture.html]
[stanislavs.org/helppc/int_14.html]
[stanislavs.org/helppc/int_15.html]
[stanislavs.org/helppc/int_16.html]
[stanislavs.org/helppc/int_17.html]
[stanislavs.org/helppc/int_19.html]
[stanislavs.org/helppc/int_25.html]
[stanislavs.org/helppc/int_26.html]
[stanislavs.org/helppc/int_2a.html]
[stanislavs.org/helppc/int_2f.html]
[stanislavs.org/helppc/int_33.html]
[stanislavs.org/helppc/int_13-9.html]
[stanislavs.org/helppc/int_4a.html]
[stanislavs.org/helppc/int_table.html]
[stanislavs.org/helppc/int_67.html]
[stanislavs.org/helppc/ports.html]
[stanislavs.org/helppc/bus.html]
[stanislavs.org/helppc/boot_sector.html]
[stanislavs.org/helppc/int_15-20.html]
[stanislavs.org/helppc/int_2e.html]
[stanislavs.org/helppc/batch_control_block.html]
[stanislavs.org/helppc/getdta.html]
[stanislavs.org/helppc/setdta.html]
[stanislavs.org/helppc/8253.html]
[stanislavs.org/helppc/disk_partition_table.html]
[stanislavs.org/helppc/int_13-0.html]
[stanislavs.org/helppc/int_13-2.html]
[stanislavs.org/helppc/int_13-3.html]
[stanislavs.org/helppc/int_13-4.html]
[stanislavs.org/helppc/int_13-5.html]
[stanislavs.org/helppc/int_13-6.html]
[stanislavs.org/helppc/int_13-7.html]
[stanislavs.org/helppc/int_13-8.html]
[stanislavs.org/helppc/int_13-a.html]
[stanislavs.org/helppc/int_13-b.html]
[stanislavs.org/helppc/int_13-c.html]
[stanislavs.org/helppc/int_13-d.html]
[stanislavs.org/helppc/int_13-e.html]
[stanislavs.org/helppc/int_13-f.html]
[stanislavs.org/helppc/int_13-10.html]
[stanislavs.org/helppc/int_13-11.html]
[stanislavs.org/helppc/int_13-12.html]
[stanislavs.org/helppc/int_13-13.html]
[stanislavs.org/helppc/int_13-14.html]
[stanislavs.org/helppc/int_13-15.html]
[stanislavs.org/helppc/int_13-16.html]
[stanislavs.org/helppc/int_13-17.html]
[stanislavs.org/helppc/int_13-19.html]
[stanislavs.org/helppc/int_13.html]
[stanislavs.org/helppc/int_1a-0.html]
[stanislavs.org/helppc/int_1a-1.html]
[stanislavs.org/helppc/int_1a-2.html]
[stanislavs.org/helppc/int_1a-3.html]
[stanislavs.org/helppc/int_1a-4.html]
[stanislavs.org/helppc/int_1a-5.html]
[stanislavs.org/helppc/int_1a-6.html]
[stanislavs.org/helppc/int_1a-7.html]
[stanislavs.org/helppc/int_1a-8.html]
[stanislavs.org/helppc/int_1a-9.html]
[stanislavs.org/helppc/int_1a-a.html]
[stanislavs.org/helppc/int_1a-b.html]
[stanislavs.org/helppc/int_1a-80.html]
[stanislavs.org/helppc/int_10-1.html]
[stanislavs.org/helppc/int_13-1a.html]
[stanislavs.org/helppc/int_10-2.html]
[stanislavs.org/helppc/int_10-3.html]
[stanislavs.org/helppc/int_10-4.html]
[stanislavs.org/helppc/int_10-5.html]
[stanislavs.org/helppc/int_10-6.html]
[stanislavs.org/helppc/int_10-7.html]
[stanislavs.org/helppc/int_10-8.html]
[stanislavs.org/helppc/int_10-9.html]
[stanislavs.org/helppc/int_10-a.html]
[stanislavs.org/helppc/int_10-b.html]
[stanislavs.org/helppc/int_10-c.html]
[stanislavs.org/helppc/int_10-d.html]
[stanislavs.org/helppc/int_10-e.html]
[stanislavs.org/helppc/int_10-f.html]
[stanislavs.org/helppc/int_10-10.html]
[stanislavs.org/helppc/int_10-11.html]
[stanislavs.org/helppc/int_10-12.html]
[stanislavs.org/helppc/int_10-13.html]
[stanislavs.org/helppc/int_10-14.html]
[stanislavs.org/helppc/int_10-15.html]
[stanislavs.org/helppc/int_10-1a.html]
[stanislavs.org/helppc/int_10-1b.html]
[stanislavs.org/helppc/int_10-1c.html]
[stanislavs.org/helppc/int_10-fe.html]
[stanislavs.org/helppc/int_10-ff.html]
[stanislavs.org/helppc/int_1f.html]
[stanislavs.org/helppc/int_1d.html]
[stanislavs.org/helppc/int_13-18.html]
[stanislavs.org/helppc/int_15-c0.html]
[stanislavs.org/helppc/8042.html]
[stanislavs.org/helppc/video_pages.html]
[stanislavs.org/helppc/int_16-10.html]
[stanislavs.org/helppc/scan_codes.html]
[stanislavs.org/helppc/int_16-0.html]
[stanislavs.org/helppc/keyboard_commands.html]
[stanislavs.org/helppc/int_16-3.html]
[stanislavs.org/helppc/flags_register.html]
[stanislavs.org/helppc/cpu.html]
[stanislavs.org/helppc/8086_architecture.html]
[stanislavs.org/helppc/detecting.html]
[stanislavs.org/helppc/int_14-0.html]
[stanislavs.org/helppc/int_14-1.html]
[stanislavs.org/helppc/int_14-2.html]
[stanislavs.org/helppc/int_14-3.html]
[stanislavs.org/helppc/int_14-4.html]
[stanislavs.org/helppc/int_14.html]
[stanislavs.org/helppc/int_14-5.html]
[stanislavs.org/helppc/int_15-0.html]
[stanislavs.org/helppc/int_15-1.html]
[stanislavs.org/helppc/int_15-2.html]
[stanislavs.org/helppc/int_15-3.html]
[stanislavs.org/helppc/int_15-f.html]
[stanislavs.org/helppc/int_15-21.html]
[stanislavs.org/helppc/int_15-40.html]
[stanislavs.org/helppc/int_15-41.html]
[stanislavs.org/helppc/int_15-42.html]
[stanislavs.org/helppc/int_15-43.html]
[stanislavs.org/helppc/int_15-44.html]
[stanislavs.org/helppc/int_15-80.html]
[stanislavs.org/helppc/int_15-81.html]
[stanislavs.org/helppc/int_15-82.html]
[stanislavs.org/helppc/int_15-83.html]
[stanislavs.org/helppc/int_15-84.html]
[stanislavs.org/helppc/int_15-87.html]
[stanislavs.org/helppc/int_15-88.html]
[stanislavs.org/helppc/int_15-89.html]
[stanislavs.org/helppc/int_15-90.html]
[stanislavs.org/helppc/int_15-91.html]
[stanislavs.org/helppc/int_15-c1.html]
[stanislavs.org/helppc/int_15-c2.html]
[stanislavs.org/helppc/int_15-c3.html]
[stanislavs.org/helppc/int_15.html]
[stanislavs.org/helppc/int_15-c4.html]
[stanislavs.org/helppc/int_16-1.html]
[stanislavs.org/helppc/int_16-2.html]
[stanislavs.org/helppc/int_16-4.html]
[stanislavs.org/helppc/int_16-5.html]
[stanislavs.org/helppc/int_16-11.html]
[stanislavs.org/helppc/int_16.html]
[stanislavs.org/helppc/int_16-12.html]
[stanislavs.org/helppc/int_17-0.html]
[stanislavs.org/helppc/int_17-1.html]
[stanislavs.org/helppc/int_17-2.html]
[stanislavs.org/helppc/int_17.html]
[stanislavs.org/helppc/parallel_port.html]
[stanislavs.org/helppc/int_19.html]
[stanislavs.org/helppc/int_25.html]
[stanislavs.org/helppc/int_26.html]
[stanislavs.org/helppc/warm_boot.html]
[stanislavs.org/helppc/int_2a-0.html]
[stanislavs.org/helppc/int_2a-1.html]
[stanislavs.org/helppc/int_2a-3.html]
[stanislavs.org/helppc/int_2a-4.html]
[stanislavs.org/helppc/int_2a-5.html]
[stanislavs.org/helppc/int_2a-6.html]
[stanislavs.org/helppc/int_2a-80.html]
[stanislavs.org/helppc/int_2a-81.html]
[stanislavs.org/helppc/int_2a-82.html]
[stanislavs.org/helppc/int_2a-84.html]
[stanislavs.org/helppc/int_2a.html]
[stanislavs.org/helppc/int_2a-87.html]
[stanislavs.org/helppc/int_2f-0.html]
[stanislavs.org/helppc/int_2f-1.html]
[stanislavs.org/helppc/int_2f-2.html]
[stanislavs.org/helppc/int_2f-3.html]
[stanislavs.org/helppc/int_2f-4.html]
[stanislavs.org/helppc/int_2f-5.html]
[stanislavs.org/helppc/int_2f-8.html]
[stanislavs.org/helppc/int_2f.html]
[stanislavs.org/helppc/int_2f-2e.html]
[stanislavs.org/helppc/int_33-0.html]
[stanislavs.org/helppc/int_33-1.html]
[stanislavs.org/helppc/int_33-2.html]
[stanislavs.org/helppc/int_33-3.html]
[stanislavs.org/helppc/int_33-4.html]
[stanislavs.org/helppc/int_33-5.html]
[stanislavs.org/helppc/int_33-6.html]
[stanislavs.org/helppc/int_33-7.html]
[stanislavs.org/helppc/int_33-8.html]
[stanislavs.org/helppc/int_33-9.html]
[stanislavs.org/helppc/int_33-a.html]
[stanislavs.org/helppc/int_33-b.html]
[stanislavs.org/helppc/int_33-c.html]
[stanislavs.org/helppc/int_33-d.html]
[stanislavs.org/helppc/int_33-e.html]
[stanislavs.org/helppc/int_33-f.html]
[stanislavs.org/helppc/int_33-10.html]
[stanislavs.org/helppc/int_33-13.html]
[stanislavs.org/helppc/int_33-14.html]
[stanislavs.org/helppc/int_33-15.html]
[stanislavs.org/helppc/int_33-16.html]
[stanislavs.org/helppc/int_33-17.html]
[stanislavs.org/helppc/int_33-18.html]
[stanislavs.org/helppc/int_33-19.html]
[stanislavs.org/helppc/int_33-1a.html]
[stanislavs.org/helppc/int_33-1b.html]
[stanislavs.org/helppc/int_33-1c.html]
[stanislavs.org/helppc/int_33-1d.html]
[stanislavs.org/helppc/int_33-1e.html]
[stanislavs.org/helppc/int_33-1f.html]
[stanislavs.org/helppc/int_33-20.html]
[stanislavs.org/helppc/int_33-21.html]
[stanislavs.org/helppc/int_33-22.html]
[stanislavs.org/helppc/int_33-23.html]
[stanislavs.org/helppc/int_33.html]
[stanislavs.org/helppc/int_13-9.html]
[stanislavs.org/helppc/int_33-24.html]
[stanislavs.org/helppc/int_4a.html]
[stanislavs.org/helppc/int_70.html]
[stanislavs.org/helppc/int_67-40.html]
[stanislavs.org/helppc/int_67-41.html]
[stanislavs.org/helppc/int_67-42.html]
[stanislavs.org/helppc/int_67-43.html]
[stanislavs.org/helppc/int_67-44.html]
[stanislavs.org/helppc/int_67-45.html]
[stanislavs.org/helppc/int_67-46.html]
[stanislavs.org/helppc/int_67-47.html]
[stanislavs.org/helppc/int_67-48.html]
[stanislavs.org/helppc/int_67-49.html]
[stanislavs.org/helppc/int_67-4a.html]
[stanislavs.org/helppc/int_67-4b.html]
[stanislavs.org/helppc/int_67-4c.html]
[stanislavs.org/helppc/int_67-4d.html]
[stanislavs.org/helppc/int_67-4e.html]
[stanislavs.org/helppc/int_67-4f.html]
[stanislavs.org/helppc/int_67-50.html]
[stanislavs.org/helppc/int_67-51.html]
[stanislavs.org/helppc/int_67-52.html]
[stanislavs.org/helppc/int_67-53.html]
[stanislavs.org/helppc/int_67-54.html]
[stanislavs.org/helppc/int_67-55.html]
[stanislavs.org/helppc/int_67-56.html]
[stanislavs.org/helppc/int_67-57.html]
[stanislavs.org/helppc/int_67-58.html]
[stanislavs.org/helppc/int_67-59.html]
[stanislavs.org/helppc/int_67-5a.html]
[stanislavs.org/helppc/int_67-5b.html]
[stanislavs.org/helppc/int_67-5c.html]
[stanislavs.org/helppc/int_67-5d.html]
[stanislavs.org/helppc/int_67.html]
[stanislavs.org/helppc/bus.html]
[stanislavs.org/helppc/disk_partition_table.html]
[stanislavs.org/helppc/int_13-0.html]
[stanislavs.org/helppc/int_13-2.html]
[stanislavs.org/helppc/int_13-3.html]
[stanislavs.org/helppc/int_13-4.html]
[stanislavs.org/helppc/int_13-5.html]
[stanislavs.org/helppc/int_13-6.html]
[stanislavs.org/helppc/int_13-7.html]
[stanislavs.org/helppc/int_13-8.html]
[stanislavs.org/helppc/int_13-a.html]
[stanislavs.org/helppc/int_13-b.html]
[stanislavs.org/helppc/int_13-c.html]
[stanislavs.org/helppc/int_13-d.html]
[stanislavs.org/helppc/int_13-e.html]
[stanislavs.org/helppc/int_13-f.html]
[stanislavs.org/helppc/int_13-10.html]
[stanislavs.org/helppc/int_13-11.html]
[stanislavs.org/helppc/int_13-12.html]
[stanislavs.org/helppc/int_13-13.html]
[stanislavs.org/helppc/int_13-14.html]
[stanislavs.org/helppc/int_13-15.html]
[stanislavs.org/helppc/int_13-16.html]
[stanislavs.org/helppc/int_13-17.html]
[stanislavs.org/helppc/int_13-19.html]
[stanislavs.org/helppc/int_13-1a.html]
[stanislavs.org/helppc/video_pages.html]
[stanislavs.org/helppc/int_16-0.html]
[stanislavs.org/helppc/int_16-3.html]
[stanislavs.org/helppc/int_67-60.html]
[stanislavs.org/helppc/pushf.html]
[stanislavs.org/helppc/popf.html]
[stanislavs.org/helppc/sti.html]
[stanislavs.org/helppc/cli.html]
[stanislavs.org/helppc/std.html]
[stanislavs.org/helppc/flags_register.html]
[stanislavs.org/helppc/cpu.html]
[stanislavs.org/helppc/detecting.html]
[stanislavs.org/helppc/int_14-0.html]
[stanislavs.org/helppc/int_14-1.html]
[stanislavs.org/helppc/int_14-2.html]
[stanislavs.org/helppc/int_14-3.html]
[stanislavs.org/helppc/int_14-4.html]
[stanislavs.org/helppc/cld.html]
[stanislavs.org/helppc/int_14-5.html]
[stanislavs.org/helppc/int_15-0.html]
[stanislavs.org/helppc/int_15-1.html]
[stanislavs.org/helppc/int_15-2.html]
[stanislavs.org/helppc/int_15-3.html]
[stanislavs.org/helppc/int_15-f.html]
[stanislavs.org/helppc/int_15-21.html]
[stanislavs.org/helppc/int_15-40.html]
[stanislavs.org/helppc/int_15-41.html]
[stanislavs.org/helppc/int_15-42.html]
[stanislavs.org/helppc/int_15-43.html]
[stanislavs.org/helppc/int_15-44.html]
[stanislavs.org/helppc/int_15-80.html]
[stanislavs.org/helppc/int_15-81.html]
[stanislavs.org/helppc/int_15-82.html]
[stanislavs.org/helppc/int_15-83.html]
[stanislavs.org/helppc/8250.html]
[stanislavs.org/helppc/int_15-84.html]
[stanislavs.org/helppc/game_port.html]
[stanislavs.org/helppc/int_15-87.html]
[stanislavs.org/helppc/int_15-88.html]
[stanislavs.org/helppc/int_15-89.html]
[stanislavs.org/helppc/int_15-90.html]
[stanislavs.org/helppc/int_15-91.html]
[stanislavs.org/helppc/gdt.html]
[stanislavs.org/helppc/int_15-c1.html]
[stanislavs.org/helppc/int_15-c2.html]
[stanislavs.org/helppc/int_15-c3.html]
[stanislavs.org/helppc/int_15-c4.html]
[stanislavs.org/helppc/int_16-1.html]
[stanislavs.org/helppc/int_16-2.html]
[stanislavs.org/helppc/int_16-4.html]
[stanislavs.org/helppc/int_16-5.html]
[stanislavs.org/helppc/int_16-11.html]
[stanislavs.org/helppc/int_16-12.html]
[stanislavs.org/helppc/int_17-0.html]
[stanislavs.org/helppc/cold_boot.html]
[stanislavs.org/helppc/int_17-1.html]
[stanislavs.org/helppc/int_17-2.html]
[stanislavs.org/helppc/parallel_port.html]
[stanislavs.org/helppc/epson_printer_codes.html]
[stanislavs.org/helppc/warm_boot.html]
[stanislavs.org/helppc/int_2a-0.html]
[stanislavs.org/helppc/int_2a-1.html]
[stanislavs.org/helppc/int_2a-3.html]
[stanislavs.org/helppc/int_2a-4.html]
[stanislavs.org/helppc/int_2a-5.html]
[stanislavs.org/helppc/int_2a-6.html]
[stanislavs.org/helppc/int_2a-80.html]
[stanislavs.org/helppc/int_2a-81.html]
[stanislavs.org/helppc/int_2a-82.html]
[stanislavs.org/helppc/int_2a-84.html]
[stanislavs.org/helppc/int_2a-87.html]
[stanislavs.org/helppc/int_2f-0.html]
[stanislavs.org/helppc/int_2f-1.html]
[stanislavs.org/helppc/int_2f-2.html]
[stanislavs.org/helppc/int_2f-3.html]
[stanislavs.org/helppc/int_2f-4.html]
[stanislavs.org/helppc/int_2f-5.html]
[stanislavs.org/helppc/int_2f-8.html]
[stanislavs.org/helppc/int_2f-2e.html]
[stanislavs.org/helppc/int_33-0.html]
[stanislavs.org/helppc/int_33-1.html]
[stanislavs.org/helppc/int_33-2.html]
[stanislavs.org/helppc/int_33-3.html]
[stanislavs.org/helppc/int_33-4.html]
[stanislavs.org/helppc/int_33-5.html]
[stanislavs.org/helppc/int_33-6.html]
[stanislavs.org/helppc/int_33-7.html]
[stanislavs.org/helppc/int_33-8.html]
[stanislavs.org/helppc/int_33-9.html]
[stanislavs.org/helppc/int_33-a.html]
[stanislavs.org/helppc/int_33-b.html]
[stanislavs.org/helppc/int_33-c.html]
[stanislavs.org/helppc/int_33-d.html]
[stanislavs.org/helppc/int_33-e.html]
[stanislavs.org/helppc/int_33-f.html]
[stanislavs.org/helppc/int_33-10.html]
[stanislavs.org/helppc/int_33-13.html]
[stanislavs.org/helppc/int_33-14.html]
[stanislavs.org/helppc/int_33-15.html]
[stanislavs.org/helppc/int_33-16.html]
[stanislavs.org/helppc/int_33-17.html]
[stanislavs.org/helppc/int_33-18.html]
[stanislavs.org/helppc/int_33-19.html]
[stanislavs.org/helppc/int_33-1a.html]
[stanislavs.org/helppc/int_33-1b.html]
[stanislavs.org/helppc/int_33-1c.html]
[stanislavs.org/helppc/int_33-1d.html]
[stanislavs.org/helppc/int_33-1e.html]
[stanislavs.org/helppc/int_33-1f.html]
[stanislavs.org/helppc/int_33-20.html]
[stanislavs.org/helppc/int_33-21.html]
[stanislavs.org/helppc/int_33-22.html]
[stanislavs.org/helppc/int_33-23.html]
[stanislavs.org/helppc/int_33-24.html]
[stanislavs.org/helppc/int_70.html]
[stanislavs.org/helppc/int_67-40.html]
[stanislavs.org/helppc/int_67-41.html]
[stanislavs.org/helppc/int_67-42.html]
[stanislavs.org/helppc/int_67-43.html]
[stanislavs.org/helppc/int_67-44.html]
[stanislavs.org/helppc/int_67-45.html]
[stanislavs.org/helppc/int_67-46.html]
[stanislavs.org/helppc/int_67-47.html]
[stanislavs.org/helppc/int_67-48.html]
[stanislavs.org/helppc/int_67-49.html]
[stanislavs.org/helppc/int_67-4a.html]
[stanislavs.org/helppc/int_67-4b.html]
[stanislavs.org/helppc/int_67-4c.html]
[stanislavs.org/helppc/int_67-4d.html]
[stanislavs.org/helppc/int_67-4e.html]
[stanislavs.org/helppc/int_67-4f.html]
[stanislavs.org/helppc/int_67-50.html]
[stanislavs.org/helppc/int_67-51.html]
[stanislavs.org/helppc/int_67-52.html]
[stanislavs.org/helppc/int_67-53.html]
[stanislavs.org/helppc/int_67-54.html]
[stanislavs.org/helppc/int_67-55.html]
[stanislavs.org/helppc/int_67-56.html]
[stanislavs.org/helppc/int_67-57.html]
[stanislavs.org/helppc/int_67-58.html]
[stanislavs.org/helppc/int_67-59.html]
[stanislavs.org/helppc/int_67-5a.html]
[stanislavs.org/helppc/int_67-5b.html]
[stanislavs.org/helppc/int_67-5c.html]
[stanislavs.org/helppc/int_67-5d.html]
[stanislavs.org/helppc/int_67-60.html]
[stanislavs.org/helppc/pushf.html]
[stanislavs.org/helppc/popf.html]
[stanislavs.org/helppc/sti.html]
[stanislavs.org/helppc/cli.html]
[stanislavs.org/helppc/std.html]
[stanislavs.org/helppc/cld.html]
[stanislavs.org/helppc/8250.html]
[stanislavs.org/helppc/game_port.html]
[stanislavs.org/helppc/exec___.html]
[stanislavs.org/helppc/lgdt.html]
[stanislavs.org/helppc/gdt.html]
[stanislavs.org/helppc/sgdt.html]
[stanislavs.org/helppc/cold_boot.html]
[stanislavs.org/helppc/epson_printer_codes.html]
[stanislavs.org/helppc/exec___.html]
[stanislavs.org/helppc/lgdt.html]
[stanislavs.org/helppc/sgdt.html]
[stanislavs.org/helppc/diagnostic_codes.html]
[stanislavs.org/helppc/diagnostic_codes.html]
