[www.shellscript.sh/index.html]
[backblue.gif]
[fade.gif]
[index.html]
[www.shellscript.sh/img/wordcloud.png]
[www.shellscript.sh/css/shellscript.css]
[www.shellscript.sh/js/vendor/jquery-1.10.2.min.js]
[pagead2.googlesyndication.com/pagead/js/f.txt]
[connect.facebook.net/en_GB/sdk.js]
[www.shellscript.sh/img/wordcloud_profile.png]
[www.shellscript.sh/rss.xml]
[www.shellscript.sh/index-2.html]
[www.shellscript.sh/tips/index.html]
[www.shellscript.sh/philosophy.html]
[www.shellscript.sh/first.html]
[www.shellscript.sh/variables1.html]
[www.shellscript.sh/wildcards.html]
[www.shellscript.sh/escape.html]
[www.shellscript.sh/loops.html]
[www.shellscript.sh/test.html]
[www.shellscript.sh/case.html]
[www.shellscript.sh/variables2.html]
[www.shellscript.sh/variables3.html]
[www.shellscript.sh/external.html]
[www.shellscript.sh/functions.html]
[www.shellscript.sh/hints.html]
[www.shellscript.sh/quickref.html]
[www.shellscript.sh/interactive.html]
[www.shellscript.sh/exercises.html]
[www.shellscript.sh/img/rss.png]
[www.shellscript.sh/img/twitter.png]
[www.shellscript.sh/feedback.html]
[www.shellscript.sh/eg/my-script.sh.txt]
[www.shellscript.sh/js/shellscript.js]
[apis.google.com/js/platform.js]
[www.google-analytics.com/analytics.js]
[www.shellscript.sh/index.html]
[www.shellscript.sh/fonts/fontawesome-webfont78ce.eot]
[www.shellscript.sh/fonts/fontawesome-webfontd41d.eot]
[www.shellscript.sh/fonts/fontawesome-webfont78ce.woff]
[www.shellscript.sh/fonts/fontawesome-webfont78ce.ttf]
[www.shellscript.sh/fonts/glyphicons-halflings-regular.eot]
[www.shellscript.sh/fonts/fontawesome-webfont78ce.svg]
[www.shellscript.sh/fonts/glyphicons-halflings-regulard41d.eot]
[www.shellscript.sh/fonts/glyphicons-halflings-regular.woff]
[www.shellscript.sh/fonts/glyphicons-halflings-regular.ttf]
[www.shellscript.sh/fonts/glyphicons-halflings-regular.svg]
[www.shellscript.sh/fonts/Roboto-Light-webfont.eot]
[www.shellscript.sh/fonts/Roboto-Light-webfontd41d.eot]
[www.shellscript.sh/fonts/Roboto-Light-webfont.woff]
[www.shellscript.sh/fonts/Roboto-Light-webfont.ttf]
[www.shellscript.sh/fonts/Roboto-Regular-webfont.eot]
[www.shellscript.sh/fonts/Roboto-Light-webfont.svg]
[www.shellscript.sh/fonts/Roboto-Regular-webfontd41d.eot]
[www.shellscript.sh/fonts/Roboto-Regular-webfont.woff]
[www.shellscript.sh/fonts/Roboto-Regular-webfont.ttf]
[www.shellscript.sh/fonts/Roboto-Bold-webfont.eot]
[www.shellscript.sh/fonts/Roboto-Regular-webfont.svg]
[www.shellscript.sh/fonts/Roboto-Bold-webfontd41d.eot]
[www.shellscript.sh/fonts/Roboto-Bold-webfont.woff]
[www.shellscript.sh/fonts/Roboto-Bold-webfont.ttf]
[www.shellscript.sh/fonts/Roboto-Bold-webfont.svg]
[www.shellscript.sh/img/whelk.png]
[www.shellscript.sh/img/wordcloud_banner.png]
[www.shellscript.sh/img/shell-big.jpg]
[www.shellscript.sh/img/info.png]
[www.shellscript.sh/img/success.png]
[www.shellscript.sh/img/warning.png]
[www.shellscript.sh/img/error.png]
[www.shellscript.sh/css/shellscript.css]
[www.shellscript.sh/restserver.php]
[connect.facebook.net/en_GB/sdk.js]
[www.shellscript.sh/ABCDEFGHIJKLMNOPQRSTUVWXYZabcdefghijklmnopqrstuvwxyz0123456789+/index.html]
[www.shellscript.sh/^([^_/indexd41d.html]
[www.shellscript.sh/tips/tips.png]
[www.shellscript.sh/css/shellscript-tips.css]
[www.shellscript.sh/img/pepper-medium.png]
[www.shellscript.sh/tips/cd/index.html]
[www.shellscript.sh/img/lol.png]
[www.shellscript.sh/img/pepper-hard.png]
[www.shellscript.sh/tips/dos2unix/index.html]
[www.shellscript.sh/tips/halloween/index.html]
[www.shellscript.sh/img/pepper-easy.png]
[www.shellscript.sh/tips/ls-l/index.html]
[www.shellscript.sh/tips/change-running-script/index.html]
[www.shellscript.sh/tips/sex-drugs-unix/index.html]
[www.shellscript.sh/tips/cd/cd-error.jpg]
[www.shellscript.sh/tips/banner/index.html]
[www.shellscript.sh/tips/grep/index.html]
[www.shellscript.sh/tips/shebang/index.html]
[www.shellscript.sh/tips/dos2unix/different_small.png]
[www.shellscript.sh/tips/boat/index.html]
[www.shellscript.sh/tips/halloween/halloween.jpg]
[www.shellscript.sh/tips/getopts/index.html]
[www.shellscript.sh/tips/kill9/index.html]
[www.shellscript.sh/tips/case/index.html]
[www.shellscript.sh/tips/ls-l/stat2.png]
[www.shellscript.sh/tips/scaryhacker/index.html]
[www.shellscript.sh/tips/echo/index.html]
[www.shellscript.sh/tips/change-running-script/changescript.png]
[www.shellscript.sh/tips/spinner/index.html]
[www.shellscript.sh/tips/again/index.html]
[www.shellscript.sh/tips/mktemp/index.html]
[www.shellscript.sh/tips/wordsearch/index.html]
[www.shellscript.sh/tips/sex-drugs-unix/sex-drugs-unix.png]
[www.shellscript.sh/tips/sleep/index.html]
[www.shellscript.sh/tips/man/index.html]
[www.shellscript.sh/tips/loop-control/index.html]
[www.shellscript.sh/tips/waka/index.html]
[www.shellscript.sh/tips/255/index.html]
[www.shellscript.sh/tips/banner/banner.jpg]
[www.shellscript.sh/tips/pattern-substitution/index.html]
[www.shellscript.sh/tips/bash-e/index.html]
[www.shellscript.sh/tips/sorting-filenames/index.html]
[www.shellscript.sh/tips/grep/grep.jpg]
[www.shellscript.sh/tips/editline/index.html]
[www.shellscript.sh/tips/cp-t/index.html]
[www.shellscript.sh/tips/ping/index.html]
[www.shellscript.sh/tips/strstr/index.html]
[www.shellscript.sh/tips/devroot/index.html]
[www.shellscript.sh/tips/shebang/shebang.png]
[www.shellscript.sh/tips/var-replace/index.html]
[www.shellscript.sh/tips/hms/index.html]
[www.shellscript.sh/tips/pipelines/index.html]
[www.shellscript.sh/tips/oreilly/index.html]
[www.shellscript.sh/tips/software-development/index.html]
[www.shellscript.sh/tips/rm-rf/index.html]
[www.shellscript.sh/tips/thereisaway/index.html]
[www.shellscript.sh/tips/christmas/index.html]
[www.shellscript.sh/tips/shift/index.html]
[www.shellscript.sh/tips/boat/boat.png]
[www.shellscript.sh/tips/chmod777/index.html]
[www.shellscript.sh/tips/mel/index.html]
[www.shellscript.sh/tips/progressbar/index.html]
[www.shellscript.sh/tips/think-i-do/index.html]
[www.shellscript.sh/tips/kill9/kill9-og.jpg]
[www.shellscript.sh/tips/fork-bomb/index.html]
[www.shellscript.sh/tips/sort/index.html]
[www.shellscript.sh/tips/info-function/index.html]
[www.shellscript.sh/tips/expanding-sequences/index.html]
[www.shellscript.sh/tips/expanding-lists/index.html]
[www.shellscript.sh/tips/getopts/getopts.png]
[www.shellscript.sh/tips/pipestatus/index.html]
[www.shellscript.sh/tips/grep-loops/index.html]
[www.shellscript.sh/tips/trap-die/index.html]
[www.shellscript.sh/tips/rpm-versions/index.html]
[www.shellscript.sh/tips/scaryhacker/nmap.png]
[www.shellscript.sh/tips/case/case.png]
[www.shellscript.sh/tips/echo/echo.png]
[www.shellscript.sh/tips/spinner/spinner.gif]
[www.shellscript.sh/tips/mktemp/mktemp.png]
[www.shellscript.sh/tips/again/again.png]
[www.shellscript.sh/tips/wordsearch/wordsearch.jpg]
[www.shellscript.sh/tips/man/man.png]
[www.shellscript.sh/tips/sleep/600_sleepy.jpg]
[www.shellscript.sh/tips/loop-control/600_loop.png]
[www.shellscript.sh/tips/255/600_255+1.png]
[www.shellscript.sh/tips/waka/600_p2-og.png]
[www.shellscript.sh/tips/bash-e/600_bash-e.png]
[www.shellscript.sh/tips/pattern-substitution/600_pattern-substitution.jpg]
[www.shellscript.sh/tips/sorting-filenames/600_space.jpg]
[www.shellscript.sh/tips/editline/600_editline.png]
[www.shellscript.sh/tips/cp-t/600_cp-t.png]
[www.shellscript.sh/tips/ping/600_story-about-ping.jpg]
[www.shellscript.sh/tips/strstr/600_strstr.png]
[www.shellscript.sh/tips/devroot/600_devroot_og.png]
[www.shellscript.sh/tips/var-replace/600_find-replace.png]
[www.shellscript.sh/tips/hms/600_wallclock.png]
[www.shellscript.sh/tips/pipelines/600_pipelines.png]
[www.shellscript.sh/tips/software-development/600_swdev.png]
[www.shellscript.sh/tips/oreilly/600_coloring.jpg]
[www.shellscript.sh/tips/rm-rf/600_rm.gif]
[www.shellscript.sh/tips/thereisaway/600_shell.jpg]
[www.shellscript.sh/tips/christmas/600_christmas-1200.png]
[www.shellscript.sh/tips/shift/600_shift.png]
[www.shellscript.sh/tips/mel/600_core.jpg]
[www.shellscript.sh/tips/chmod777/600_chmod777.jpg]
[www.shellscript.sh/tips/think-i-do/600_LinuxAdmin-steve-parker.org.jpg]
[www.shellscript.sh/tips/progressbar/600_progressbar.png]
[www.shellscript.sh/tips/fork-bomb/600_forkbomb.png]
[www.shellscript.sh/tips/sort/600_top.png]
[www.shellscript.sh/tips/info-function/600_calm.png]
[www.shellscript.sh/tips/expanding-lists/600_bart.png]
[www.shellscript.sh/tips/expanding-sequences/600_sequence.png]
[www.shellscript.sh/tips/pipestatus/600_pipestatus.png]
[www.shellscript.sh/tips/grep-loops/600_grep2.png]
[www.shellscript.sh/tips/rpm-versions/600_rpm-versions.png]
[www.shellscript.sh/tips/trap-die/600_trap-die.png]
[www.shellscript.sh/tips/index.html]
[www.shellscript.sh/index-2.html]
[www.shellscript.sh/philosophy.html]
[www.shellscript.sh/eg/first.sh.txt]
[www.shellscript.sh/eg/first2.sh.txt]
[www.shellscript.sh/first.html]
[www.shellscript.sh/eg/var.sh.txt]
[www.shellscript.sh/eg/var2.sh.txt]
[www.shellscript.sh/eg/myvar2.sh.txt]
[www.shellscript.sh/eg/user.sh.txt]
[www.shellscript.sh/variables1.html]
[www.shellscript.sh/wildcards.html]
[www.shellscript.sh/escape.html]
[www.shellscript.sh/eg/for.sh.txt]
[www.shellscript.sh/eg/for2.sh.txt]
[www.shellscript.sh/eg/while.sh.txt]
[www.shellscript.sh/eg/while2.sh.txt]
[www.shellscript.sh/eg/while3a.sh.txt]
[www.shellscript.sh/eg/while3b.sh.txt]
[www.shellscript.sh/loops.html]
[www.shellscript.sh/eg/test.sh.txt]
[www.shellscript.sh/eg/test2.sh.txt]
[www.shellscript.sh/test.html]
[www.shellscript.sh/eg/talk.sh.txt]
[pagead2.googlesyndication.com/pagead/f.txt]
[www.shellscript.sh/case.html]
[www.shellscript.sh/eg/var3.sh.txt]
[www.shellscript.sh/eg/var4.sh.txt]
[www.shellscript.sh/eg/var5.sh.txt]
[www.shellscript.sh/variables2.html]
[www.shellscript.sh/variables3.html]
[www.shellscript.sh/external.html]
[www.shellscript.sh/echo.html]
[www.shellscript.sh/eg/function.sh.txt]
[www.shellscript.sh/eg/factorial.sh.txt]
[www.shellscript.sh/eg/common.lib.txt]
[www.shellscript.sh/eg/function2.sh.txt]
[www.shellscript.sh/eg/function3.sh.txt]
[www.shellscript.sh/functions.html]
[www.shellscript.sh/exitcodes.html]
[www.shellscript.sh/cgi.html]
[www.shellscript.sh/expect.html]
[www.shellscript.sh/trap.html]
[www.shellscript.sh/speedtouchconf.html]
[www.shellscript.sh/eg/telnet1.txt]
[www.shellscript.sh/eg/telnet2.txt]
[www.shellscript.sh/hints.html]
[www.shellscript.sh/quickref.html]
[www.shellscript.sh/interactive.html]
[www.shellscript.sh/eg/addressbook/addr.sh.txt]
[www.shellscript.sh/eg/addressbook/addr_libs.sh.txt]
[www.shellscript.sh/exercises.html]
[www.shellscript.sh/eg/directories/index.html]
[www.shellscript.sh/feedback.html]
[www.shellscript.sh/fonts/fontawesome-webfont78ce.svg]
[www.shellscript.sh/fonts/glyphicons-halflings-regular.html]
[www.shellscript.sh/fonts/glyphicons-halflings-regulard41d.html]
[www.shellscript.sh/fonts/glyphicons-halflings-regular-2.html]
[www.shellscript.sh/fonts/glyphicons-halflings-regular-3.html]
[www.shellscript.sh/fonts/glyphicons-halflings-regular-4.html]
[www.shellscript.sh/fonts/Roboto-Light-webfont.svg]
[www.shellscript.sh/fonts/Roboto-Regular-webfont.svg]
[www.shellscript.sh/fonts/Roboto-Bold-webfont.svg]
[www.shellscript.sh/ABCDEFGHIJKLMNOPQRSTUVWXYZabcdefghijklmnopqrstuvwxyz0123456789+/index.html]
[www.shellscript.sh/^([^_/indexd41d.html]
[www.shellscript.sh/restserver.html]
[www.shellscript.sh/css/shellscript-tips.css]
[www.shellscript.sh/tips/cd/index.html]
[www.shellscript.sh/academics.html]
[www.shellscript.sh/tips/dos2unix/different.png]
[www.shellscript.sh/tips/dos2unix/cloud.jpg]
[www.shellscript.sh/img/donate/5.png]
[www.paypalobjects.com/en_GB/i/scr/pixel.gif]
[www.shellscript.sh/tips/dos2unix/index.html]
[www.shellscript.sh/tips/halloween/index.html]
[www.shellscript.sh/tips/ls-l/index.html]
[www.shellscript.sh/tips/change-running-script/a.sh.txt]
[www.shellscript.sh/tips/change-running-script/b.sh.txt]
[www.shellscript.sh/tips/change-running-script/index.html]
[www.shellscript.sh/tips/sex-drugs-unix/usenix.png]
[www.shellscript.sh/tips/sex-drugs-unix/index.html]
[www.shellscript.sh/tips/banner/banner.sh.txt]
[www.shellscript.sh/tips/banner/banner.png]
[www.shellscript.sh/tips/banner/nobanner.png]
[www.shellscript.sh/tips/banner/index.html]
[www.shellscript.sh/tips/grep/grep.png]
[www.shellscript.sh/tips/grep/index.html]
[www.shellscript.sh/tips/shebang/og-shebang-628.png]
[www.shellscript.sh/tips/shebang/index.html]
[www.shellscript.sh/tips/boat/index.html]
[www.shellscript.sh/tips/kill9/index.html]
[www.shellscript.sh/tips/getopts/parse.png]
[www.shellscript.sh/tips/getopts/getopts1.sh.txt]
[www.shellscript.sh/tips/getopts/getopts2.sh.txt]
[www.shellscript.sh/tips/getopts/getopts3.sh.txt]
[www.shellscript.sh/tips/getopts/index.html]
[www.shellscript.sh/tips/scaryhacker/nmap-og.png]
[www.shellscript.sh/tips/scaryhacker/index.html]
[www.shellscript.sh/tips/case/index.html]
[www.shellscript.sh/tips/echo/index.html]
[www.shellscript.sh/tips/spinner/spinner.png]
[www.shellscript.sh/tips/spinner/test.txt]
[www.shellscript.sh/tips/spinner/spinner.sh.txt]
[www.shellscript.sh/tips/spinner/index.html]
[www.shellscript.sh/tips/mktemp/mktemp2.png]
[www.shellscript.sh/tips/mktemp/mktemp_small.png]
[www.shellscript.sh/tips/mktemp/foobar.sh.txt]
[www.shellscript.sh/tips/mktemp/index.html]
[www.shellscript.sh/tips/again/again-small.png]
[www.shellscript.sh/tips/again/index.html]
[www.shellscript.sh/tips/wordsearch/foe_wordsearch.txt]
[www.shellscript.sh/tips/wordsearch/2.png]
[www.shellscript.sh/tips/wordsearch/3.png]
[www.shellscript.sh/tips/wordsearch/index.html]
[www.shellscript.sh/tips/man/index.html]
[www.shellscript.sh/tips/wordsearch/wordsearch.sh.txt]
[www.shellscript.sh/tips/sleep/sleepy.jpg]
[www.shellscript.sh/tips/sleep/sleepy.png]
[www.shellscript.sh/tips/sleep/sleepy.sh.txt]
[www.shellscript.sh/tips/sleep/sleepy2.png]
[www.shellscript.sh/tips/sleep/index.html]
[www.shellscript.sh/tips/loop-control/loop.png]
[www.shellscript.sh/tips/loop-control/loop-small.png]
[www.shellscript.sh/tips/loop-control/loop1.sh.txt]
[www.shellscript.sh/tips/loop-control/loop2.sh.txt]
[www.shellscript.sh/tips/loop-control/loop3.sh.txt]
[www.shellscript.sh/tips/loop-control/loop4.sh.txt]
[www.shellscript.sh/tips/loop-control/alert.png]
[www.shellscript.sh/tips/loop-control/loop5.sh.txt]
[www.shellscript.sh/tips/loop-control/index.html]
[www.shellscript.sh/tips/255/256.png]
[www.shellscript.sh/tips/255/square.sh.txt]
[www.shellscript.sh/tips/255/square2.sh.txt]
[www.shellscript.sh/tips/255/255.png]
[www.shellscript.sh/tips/255/index.html]
[www.shellscript.sh/tips/waka/p2-og.png]
[www.shellscript.sh/tips/waka/index.html]
[www.shellscript.sh/tips/bash-e/bash-e.png]
[www.shellscript.sh/tips/bash-e/jenkins-photo.jpg]
[www.shellscript.sh/tips/bash-e/fail.sh.txt]
[www.shellscript.sh/tips/bash-e/fail.png]
[www.shellscript.sh/tips/bash-e/pass.png]
[www.shellscript.sh/tips/bash-e/run-me-with-e.sh.txt]
[www.shellscript.sh/tips/bash-e/null-values.png]
[www.shellscript.sh/tips/bash-e/no-null-values.png]
[www.shellscript.sh/tips/bash-e/index.html]
[www.shellscript.sh/tips/pattern-substitution/pattern-substitution.jpg]
[www.shellscript.sh/tips/pattern-substitution/index.html]
[www.shellscript.sh/tips/sorting-filenames/space.png]
[www.shellscript.sh/tips/sorting-filenames/space_bar_by_mattandrews.jpg]
[www.shellscript.sh/tips/sorting-filenames/index.html]
[www.shellscript.sh/tips/editline/editline.png]
[www.shellscript.sh/tips/editline/question.png]
[www.shellscript.sh/tips/editline/xe.png]
[www.shellscript.sh/tips/editline/script.png]
[www.shellscript.sh/tips/editline/index.html]
[www.shellscript.sh/tips/cp-t/cp-t.png]
[www.shellscript.sh/tips/cp-t/index.php]
[www.shellscript.sh/tips/cp-t/index.html]
[www.shellscript.sh/tips/ping/story-about-ping.jpg]
[www.shellscript.sh/tips/ping/ping1.sh.txt]
[www.shellscript.sh/tips/ping/ping2.sh.txt]
[www.shellscript.sh/tips/ping/index.html]
[www.shellscript.sh/tips/strstr/strstr.png]
[www.shellscript.sh/tips/strstr/strstr.sh.txt]
[www.shellscript.sh/tips/strstr/index.html]
[www.shellscript.sh/tips/devroot/devroot_og.png]
[www.shellscript.sh/tips/devroot/devroot.png]
[www.shellscript.sh/tips/devroot/index.html]
[www.shellscript.sh/tips/var-replace/find-replace.png]
[www.shellscript.sh/tips/var-replace/find-replace-smaller.png]
[www.shellscript.sh/tips/var-replace/index.html]
[www.shellscript.sh/tips/hms/wallclock.png]
[www.shellscript.sh/tips/hms/hms.sh.txt]
[www.shellscript.sh/tips/hms/123.png]
[www.shellscript.sh/tips/hms/11723.png]
[www.shellscript.sh/tips/hms/index.html]
[www.shellscript.sh/tips/pipelines/pipelines.png]
[www.shellscript.sh/tips/pipelines/index.html]
[www.shellscript.sh/tips/software-development/swdev.png]
[www.shellscript.sh/tips/software-development/software-development-methods-explained-with-cars-toggl-infographic-02.jpg]
[www.shellscript.sh/tips/software-development/index.html]
[www.shellscript.sh/tips/oreilly/coloring.jpg]
[www.shellscript.sh/tips/oreilly/toucans.png]
[www.shellscript.sh/tips/oreilly/lemur.png]
[www.shellscript.sh/tips/oreilly/geckos.png]
[www.shellscript.sh/tips/oreilly/birdwing.png]
[www.shellscript.sh/tips/oreilly/index.html]
[www.shellscript.sh/tips/rm-rf/drucker.png]
[www.shellscript.sh/tips/rm-rf/rm.gif]
[www.shellscript.sh/tips/rm-rf/index.html]
[www.shellscript.sh/tips/thereisaway/shell.jpg]
[www.shellscript.sh/tips/thereisaway/index.html]
[www.shellscript.sh/tips/christmas/christmas-1200.png]
[www.shellscript.sh/tips/christmas/christmas.sh.txt]
[www.shellscript.sh/tips/christmas/index.html]
[www.shellscript.sh/tips/shift/shift.png]
[www.shellscript.sh/tips/shift/index.html]
[www.shellscript.sh/tips/mel/core.jpg]
[www.shellscript.sh/tips/mel/index.html]
[www.shellscript.sh/tips/chmod777/chmod777.jpg]
[www.shellscript.sh/tips/chmod777/index.html]
[www.shellscript.sh/tips/think-i-do/LinuxAdmin-steve-parker.org.jpg]
[www.shellscript.sh/tips/think-i-do/index.html]
[www.shellscript.sh/tips/progressbar/progressbar.png]
[www.shellscript.sh/tips/progressbar/progressbar.sh.txt]
[www.shellscript.sh/tips/progressbar/progressbar1.png]
[www.shellscript.sh/tips/progressbar/progressbar2.png]
[www.shellscript.sh/tips/progressbar/progressbar3.png]
[www.shellscript.sh/tips/progressbar/index.html]
[www.shellscript.sh/tips/fork-bomb/forkbomb.png]
[www.shellscript.sh/tips/fork-bomb/index.html]
[www.shellscript.sh/tips/sort/top.png]
[www.shellscript.sh/tips/sort/size.tmpl.txt]
[www.shellscript.sh/tips/sort/sort.sh.txt]
[www.shellscript.sh/tips/sort/sort-csv.sh.txt]
[www.shellscript.sh/tips/sort/index.html]
[www.shellscript.sh/tips/info-function/calm.png]
[www.shellscript.sh/tips/info-function/info.sh.txt]
[www.shellscript.sh/tips/info-function/index.html]
[www.shellscript.sh/tips/expanding-lists/bart.png]
[www.shellscript.sh/tips/expanding-lists/movie.sh.txt]
[www.shellscript.sh/tips/expanding-lists/bart600.png]
[www.shellscript.sh/tips/expanding-lists/index.html]
[www.shellscript.sh/tips/expanding-sequences/sequence.png]
[www.shellscript.sh/tips/expanding-sequences/index.html]
[www.shellscript.sh/tips/pipestatus/pipestatus.png]
[www.shellscript.sh/tips/pipestatus/tftf.sh.txt]
[www.shellscript.sh/tips/pipestatus/tftf.png]
[www.shellscript.sh/tips/pipestatus/curlgrep.sh.txt]
[www.shellscript.sh/tips/pipestatus/curlgrep.png]
[www.shellscript.sh/tips/pipestatus/index.html]
[www.shellscript.sh/tips/grep-loops/grep2.png]
[www.shellscript.sh/tips/grep-loops/grep1.png]
[www.shellscript.sh/tips/grep-loops/grep-loops.sh.txt]
[www.shellscript.sh/tips/grep-loops/index.html]
[www.shellscript.sh/tips/rpm-versions/rpm-versions.png]
[www.shellscript.sh/tips/rpm-versions/index.html]
[www.shellscript.sh/tips/trap-die/trap-die.png]
[www.shellscript.sh/tips/trap-die/trap-die.sh.txt]
[www.shellscript.sh/tips/trap-die/trap1.png]
[www.shellscript.sh/tips/trap-die/trap2.png]
[www.shellscript.sh/tips/trap-die/index.html]
[www.shellscript.sh/echo.html]
[www.shellscript.sh/exitcodes.html]
[www.shellscript.sh/eg/cookie.txt]
[www.shellscript.sh/eg/fortune.txt]
[www.shellscript.sh/cgi.html]
[www.shellscript.sh/expect.html]
[www.shellscript.sh/trap.html]
[www.shellscript.sh/speedtouchconf.html]
[www.shellscript.sh/img/profile.png]
[www.shellscript.sh/css/normalize.css]
[www.shellscript.sh/css/font-awesome.css]
[www.shellscript.sh/css/bootstrap.min.css]
[www.shellscript.sh/css/templatemo-style.css]
[www.shellscript.sh/prettify/run_prettify.js]
[www.shellscript.sh/js/vendor/modernizr-2.6.2.min.js]
[www.shellscript.sh/img/profile.jpg]
[www.shellscript.sh/eg/directories/tree.tar.gz]
[www.shellscript.sh/eg/directories/traverse.sh]
[www.shellscript.sh/eg/directories/traverse2.sh]
[www.shellscript.sh/js/min/plugins.min.js]
[www.shellscript.sh/js/min/main.min.js]
[www.shellscript.sh/eg/directories/index.html]
[www.shellscript.sh/academics.html]
[www.shellscript.sh/tips/change-running-script/a.sh.html]
[www.shellscript.sh/tips/change-running-script/b.sh.html]
[www.shellscript.sh/tips/cp-t/index-2.html]
[www.shellscript.sh/css/normalize.css]
[www.shellscript.sh/css/font-awesome.css]
[www.shellscript.sh/css/bootstrap.min.css]
[www.shellscript.sh/img/smallerwhelk.png]
[www.shellscript.sh/css/templatemo-style.css]
[www.shellscript.sh/prettify/prettify.css]
[gumroad.com/js/gumroad.html]
[gumroad.com/js/gumroad-embed.html]
